// Jest Snapshot v1, https://goo.gl/fbAQLP

exports[`App renders correctly 1`] = `
<div
  data-v-app=""
>
  
  <header-stub />
  <dashboard-stub
    data="[object Object]"
  />
  <footer-stub />
  
</div>
`;
