// Jest Snapshot v1, https://goo.gl/fbAQLP

exports[`Card renders correctly 1`] = `
<div
  data-v-app=""
>
  
  <!-- Card -->
  <div
    class="card card-padding"
  >
    <!-- Card header -->
    <div
      class="card-header"
    >
      <h3>
        Speed
      </h3>
    </div>
    <!-- Card body -->
    <div
      class="card-body"
    >
      
      
    </div>
  </div>
  
</div>
`;
